
> react-kavia@0.1.0 start
> cross-env EDIT_MODE=true webpack serve --config .ve/webpack.config.js --mode development

<i> [webpack-dev-server] Project is running at:
<i> [webpack-dev-server] Loopback: http://localhost:3000/, http://[::1]:3000/
<i> [webpack-dev-server] On Your Network (IPv4): http://172.17.0.2:3000/
<i> [webpack-dev-server] Content not from webpack is served from './public' directory
Injecting EditorRootWrapper import: ../.ve/EditorRootWrapper
asset bundle.js 1.4 MiB [emitted] (name: main)
asset index.html 6.76 KiB [emitted]
runtime modules 27.5 KiB 14 modules
modules by path ./node_modules/ 1.24 MiB 31 modules
modules by path ./src/ 20.8 KiB
  modules by path ./src/*.css 7.49 KiB 4 modules
  modules by path ./src/*.js 13.3 KiB
    ./src/index.js 530 bytes [built] [code generated]
    ./src/App.js 12.8 KiB [built] [code generated]
modules by path ./.ve/ 15.1 KiB
  modules by path ./.ve/*.js 10.6 KiB 2 modules
  modules by path ./.ve/*.css 2.93 KiB
    ./.ve/EditorOverlay.css 2.25 KiB [built] [code generated]
    ./node_modules/css-loader/dist/cjs.js!./.ve/EditorOverlay.css 697 bytes [built] [code generated]
  ./.ve/EditorOverlay.jsx 1.58 KiB [built] [code generated]

ERROR in Error: Child compilation failed:
  Module build failed (from ./node_modules/html-webpack-plugin/lib/loader.js):
  SyntaxError: Invalid regular expression: missing /
      at Function (<anonymous>)
      at /home/kavia/workspace/code-generation/polylingo-live-57320-31584210/pol  ylingo_live/node_modules/lodash/template.js:259:12
      at apply (/home/kavia/workspace/code-generation/polylingo-live-57320-31584  210/polylingo_live/node_modules/lodash/_apply.js:13:25)
      at /home/kavia/workspace/code-generation/polylingo-live-57320-31584210/pol  ylingo_live/node_modules/lodash/attempt.js:29:12
      at apply (/home/kavia/workspace/code-generation/polylingo-live-57320-31584  210/polylingo_live/node_modules/lodash/_apply.js:15:25)
      at /home/kavia/workspace/code-generation/polylingo-live-57320-31584210/pol  ylingo_live/node_modules/lodash/_overRest.js:32:12
      at template (/home/kavia/workspace/code-generation/polylingo-live-57320-31  584210/polylingo_live/node_modules/lodash/template.js:258:16)
      at module.exports (/home/kavia/workspace/code-generation/polylingo-live-57  320-31584210/polylingo_live/node_modules/html-webpack-plugin/lib/loader.js:37:  20)
  ModuleBuildError: Module build failed (from ./node_modules/html-webpack-plugin  /lib/loader.js):
  SyntaxError: Invalid regular expression: missing /
      at Function (<anonymous>)
      at /home/kavia/workspace/code-generation/polylingo-live-57320-31584210/pol  ylingo_live/node_modules/lodash/template.js:259:12
      at apply (/home/kavia/workspace/code-generation/polylingo-live-57320-31584  210/polylingo_live/node_modules/lodash/_apply.js:13:25)
      at /home/kavia/workspace/code-generation/polylingo-live-57320-31584210/pol  ylingo_live/node_modules/lodash/attempt.js:29:12
      at apply (/home/kavia/workspace/code-generation/polylingo-live-57320-31584  210/polylingo_live/node_modules/lodash/_apply.js:15:25)
      at /home/kavia/workspace/code-generation/polylingo-live-57320-31584210/pol  ylingo_live/node_modules/lodash/_overRest.js:32:12
      at template (/home/kavia/workspace/code-generation/polylingo-live-57320-31  584210/polylingo_live/node_modules/lodash/template.js:258:16)
      at module.exports (/home/kavia/workspace/code-generation/polylingo-live-57  320-31584210/polylingo_live/node_modules/html-webpack-plugin/lib/loader.js:37:  20)
      at processResult (/home/kavia/workspace/code-generation/polylingo-live-573  20-31584210/polylingo_live/node_modules/webpack/lib/NormalModule.js:936:19)
      at /home/kavia/workspace/code-generation/polylingo-live-57320-31584210/pol  ylingo_live/node_modules/webpack/lib/NormalModule.js:1084:5
      at /home/kavia/workspace/code-generation/polylingo-live-57320-31584210/pol  ylingo_live/node_modules/loader-runner/lib/LoaderRunner.js:400:11
      at /home/kavia/workspace/code-generation/polylingo-live-57320-31584210/pol  ylingo_live/node_modules/loader-runner/lib/LoaderRunner.js:252:18
      at runSyncOrAsync (/home/kavia/workspace/code-generation/polylingo-live-57  320-31584210/polylingo_live/node_modules/loader-runner/lib/LoaderRunner.js:156  :3)
      at iterateNormalLoaders (/home/kavia/workspace/code-generation/polylingo-l  ive-57320-31584210/polylingo_live/node_modules/loader-runner/lib/LoaderRunner.  js:251:2)
      at /home/kavia/workspace/code-generation/polylingo-live-57320-31584210/pol  ylingo_live/node_modules/loader-runner/lib/LoaderRunner.js:224:4
      at /home/kavia/workspace/code-generation/polylingo-live-57320-31584210/pol  ylingo_live/node_modules/webpack/lib/NormalModule.js:1039:15
      at Array.eval (eval at create (/home/kavia/workspace/code-generation/polyl  ingo-live-57320-31584210/polylingo_live/node_modules/tapable/lib/HookCodeFacto  ry.js:33:10), <anonymous>:12:1)
      at runCallbacks (/home/kavia/workspace/code-generation/polylingo-live-5732  0-31584210/polylingo_live/node_modules/enhanced-resolve/lib/CachedInputFileSys  tem.js:45:15)
  
  - Function
  
  - template.js:259 
    [polylingo_live]/[lodash]/template.js:259:12
  
  - _apply.js:13 apply
    [polylingo_live]/[lodash]/_apply.js:13:25
  
  - attempt.js:29 
    [polylingo_live]/[lodash]/attempt.js:29:12
  
  - _apply.js:15 apply
    [polylingo_live]/[lodash]/_apply.js:15:25
  
  - _overRest.js:32 
    [polylingo_live]/[lodash]/_overRest.js:32:12
  
  - template.js:258 template
    [polylingo_live]/[lodash]/template.js:258:16
  
  - loader.js:37 module.exports
    [polylingo_live]/[html-webpack-plugin]/lib/loader.js:37:20
  
  - ModuleBuildError: Module build failed (from ./node_modules/html-webpack-plug    in/lib/loader.js):
  
  - SyntaxError: Invalid regular expression: missing /
  
  - Function
  
  - template.js:259 
    [polylingo_live]/[lodash]/template.js:259:12
  
  - _apply.js:13 apply
    [polylingo_live]/[lodash]/_apply.js:13:25
  
  - attempt.js:29 
    [polylingo_live]/[lodash]/attempt.js:29:12
  
  - _apply.js:15 apply
    [polylingo_live]/[lodash]/_apply.js:15:25
  
  - _overRest.js:32 
    [polylingo_live]/[lodash]/_overRest.js:32:12
  
  - template.js:258 template
    [polylingo_live]/[lodash]/template.js:258:16
  
  - loader.js:37 module.exports
    [polylingo_live]/[html-webpack-plugin]/lib/loader.js:37:20
  
  - NormalModule.js:936 processResult
    [polylingo_live]/[webpack]/lib/NormalModule.js:936:19
  
  - NormalModule.js:1084 
    [polylingo_live]/[webpack]/lib/NormalModule.js:1084:5
  
  - LoaderRunner.js:400 
    [polylingo_live]/[loader-runner]/lib/LoaderRunner.js:400:11
  
  - LoaderRunner.js:252 
    [polylingo_live]/[loader-runner]/lib/LoaderRunner.js:252:18
  
  - LoaderRunner.js:156 runSyncOrAsync
    [polylingo_live]/[loader-runner]/lib/LoaderRunner.js:156:3
  
  - LoaderRunner.js:251 iterateNormalLoaders
    [polylingo_live]/[loader-runner]/lib/LoaderRunner.js:251:2
  
  - LoaderRunner.js:224 
    [polylingo_live]/[loader-runner]/lib/LoaderRunner.js:224:4
  
  - NormalModule.js:1039 
    [polylingo_live]/[webpack]/lib/NormalModule.js:1039:15
  
  
  - CachedInputFileSystem.js:45 runCallbacks
    [polylingo_live]/[enhanced-resolve]/lib/CachedInputFileSystem.js:45:15
  
  - child-compiler.js:211 
    [polylingo_live]/[html-webpack-plugin]/lib/child-compiler.js:211:18
  
  - Compiler.js:625 finalCallback
    [polylingo_live]/[webpack]/lib/Compiler.js:625:5
  
  - Compiler.js:661 
    [polylingo_live]/[webpack]/lib/Compiler.js:661:11
  
  - Compiler.js:1347 
    [polylingo_live]/[webpack]/lib/Compiler.js:1347:17
  
  
  - Hook.js:18 Hook.CALL_ASYNC_DELEGATE [as _callAsync]
    [polylingo_live]/[tapable]/lib/Hook.js:18:14
  
  - Compiler.js:1343 
    [polylingo_live]/[webpack]/lib/Compiler.js:1343:33
  
  - Compilation.js:3061 finalCallback
    [polylingo_live]/[webpack]/lib/Compilation.js:3061:11
  
  - Compilation.js:3404 
    [polylingo_live]/[webpack]/lib/Compilation.js:3404:11

1 ERROR in child compilations (Use 'stats.children: true' resp. '--stats-children' for more details)
webpack 5.99.9 compiled with 2 errors in 1311 ms
